Start time: 12:52:15 on Aug 30,2025
qverilog full_adder.v 
-- Compiling module full_adder
-- Compiling module full_adder_tb

Top level modules:
	full_adder_tb
# vsim -lib work work.full_adder_tb -c -do "run -all; quit -f" -appendlog -l qverilog.log -vopt 
# ** Note: (vsim-3812) Design is being optimized...
# //  Questa Sim-64
# //  Version 10.7c win64 Aug 18 2018
# //
# //  Copyright 1991-2018 Mentor Graphics Corporation
# //  All Rights Reserved.
# //
# //  QuestaSim and its associated documentation contain trade
# //  secrets and commercial or financial information that are the property of
# //  Mentor Graphics Corporation and are privileged, confidential,
# //  and exempt from disclosure under the Freedom of Information Act,
# //  5 U.S.C. Section 552. Furthermore, this information
# //  is prohibited from disclosure under the Trade Secrets Act,
# //  18 U.S.C. Section 1905.
# //
# Loading work.full_adder_tb(fast)
# run -all
# a=0 b=0 cin=0 s=0 cout=0 Time=0
# a=0 b=1 cin=1 s=0 cout=1 Time=5
# a=0 b=1 cin=0 s=1 cout=0 Time=10
# a=0 b=1 cin=1 s=0 cout=1 Time=15
# a=1 b=0 cin=0 s=1 cout=0 Time=20
# a=1 b=0 cin=1 s=0 cout=1 Time=25
# a=1 b=1 cin=0 s=0 cout=1 Time=30
# a=1 b=1 cin=1 s=1 cout=1 Time=35
#  quit -f
# End time: 12:52:19 on Aug 30,2025, Elapsed time: 0:00:04
# Errors: 0, Warnings: 0
