Start time: 19:31:46 on Aug 31,2025
qverilog enco4to2.v 
-- Compiling module enco4to2
-- Compiling module enco4to2_tb

Top level modules:
	enco4to2_tb
# vsim -lib work work.enco4to2_tb -c -do "run -all; quit -f" -appendlog -l qverilog.log -vopt 
# ** Note: (vsim-3812) Design is being optimized...
# //  Questa Sim-64
# //  Version 10.7c win64 Aug 18 2018
# //
# //  Copyright 1991-2018 Mentor Graphics Corporation
# //  All Rights Reserved.
# //
# //  QuestaSim and its associated documentation contain trade
# //  secrets and commercial or financial information that are the property of
# //  Mentor Graphics Corporation and are privileged, confidential,
# //  and exempt from disclosure under the Freedom of Information Act,
# //  5 U.S.C. Section 552. Furthermore, this information
# //  is prohibited from disclosure under the Trade Secrets Act,
# //  18 U.S.C. Section 1905.
# //
# Loading work.enco4to2_tb(fast)
# run -all
# i0=1 i1=0 i2=0 i3=0 y0=0 y1=0 Time=0
# i0=0 i1=1 i2=0 i3=0 y0=1 y1=0 Time=10
# i0=0 i1=0 i2=1 i3=0 y0=0 y1=1 Time=20
# i0=0 i1=0 i2=0 i3=1 y0=1 y1=1 Time=30
# i0=1 i1=0 i2=0 i3=0 y0=0 y1=0 Time=40
# i0=0 i1=1 i2=0 i3=0 y0=1 y1=0 Time=50
# i0=0 i1=0 i2=1 i3=0 y0=0 y1=1 Time=60
# i0=0 i1=0 i2=0 i3=1 y0=1 y1=1 Time=70
# i0=1 i1=0 i2=0 i3=0 y0=0 y1=0 Time=80
# i0=0 i1=1 i2=0 i3=0 y0=1 y1=0 Time=90
# i0=0 i1=0 i2=1 i3=0 y0=0 y1=1 Time=100
# i0=0 i1=0 i2=0 i3=1 y0=1 y1=1 Time=110
# i0=1 i1=0 i2=0 i3=0 y0=0 y1=0 Time=120
# i0=0 i1=1 i2=0 i3=0 y0=1 y1=0 Time=130
# i0=0 i1=0 i2=1 i3=0 y0=0 y1=1 Time=140
# i0=0 i1=0 i2=0 i3=1 y0=1 y1=1 Time=150
# i0=1 i1=0 i2=0 i3=0 y0=0 y1=0 Time=160
# i0=0 i1=1 i2=0 i3=0 y0=1 y1=0 Time=170
# i0=0 i1=0 i2=1 i3=0 y0=0 y1=1 Time=180
# i0=0 i1=0 i2=0 i3=1 y0=1 y1=1 Time=190
#  quit -f
# End time: 19:31:51 on Aug 31,2025, Elapsed time: 0:00:05
# Errors: 0, Warnings: 0
