Start time: 15:39:48 on Aug 30,2025
qverilog mux4to1.v 
-- Compiling module mux4to1
-- Compiling module mux4to1_tb

Top level modules:
	mux4to1_tb
# vsim -lib work work.mux4to1_tb -c -do "run -all; quit -f" -appendlog -l qverilog.log -vopt 
# ** Note: (vsim-3813) Design is being optimized due to module recompilation...
# //  Questa Sim-64
# //  Version 10.7c win64 Aug 18 2018
# //
# //  Copyright 1991-2018 Mentor Graphics Corporation
# //  All Rights Reserved.
# //
# //  QuestaSim and its associated documentation contain trade
# //  secrets and commercial or financial information that are the property of
# //  Mentor Graphics Corporation and are privileged, confidential,
# //  and exempt from disclosure under the Freedom of Information Act,
# //  5 U.S.C. Section 552. Furthermore, this information
# //  is prohibited from disclosure under the Trade Secrets Act,
# //  18 U.S.C. Section 1905.
# //
# Loading work.mux4to1_tb(fast)
# run -all
# i=0100 s=01 y=1 Time=0
# i=1001 s=11 y=1 Time=5
# i=1101 s=01 y=1 Time=10
# i=0101 s=10 y=0 Time=15
# i=0001 s=01 y=0 Time=20
#  quit -f
# End time: 15:39:49 on Aug 30,2025, Elapsed time: 0:00:01
# Errors: 0, Warnings: 0
