Start time: 13:08:28 on Sep 01,2025
qverilog mux_top.v 
-- Compiling module mux
-- Compiling module mux_tb
-- Compiling module mux_top

Top level modules:
	mux_top
# vsim -lib work work.mux_top -c -do "run -all; quit -f" -appendlog -l qverilog.log -vopt 
# ** Note: (vsim-3813) Design is being optimized due to module recompilation...
# //  Questa Sim-64
# //  Version 10.7c win64 Aug 18 2018
# //
# //  Copyright 1991-2018 Mentor Graphics Corporation
# //  All Rights Reserved.
# //
# //  QuestaSim and its associated documentation contain trade
# //  secrets and commercial or financial information that are the property of
# //  Mentor Graphics Corporation and are privileged, confidential,
# //  and exempt from disclosure under the Freedom of Information Act,
# //  5 U.S.C. Section 552. Furthermore, this information
# //  is prohibited from disclosure under the Trade Secrets Act,
# //  18 U.S.C. Section 1905.
# //
# Loading work.mux_top(fast)
# run -all
# i=00100100 s=000 y=0 Time=0
# i=00100100 s=001 y=0 Time=5
# i=00100100 s=010 y=1 Time=10
# i=00100100 s=011 y=0 Time=15
# i=00100100 s=100 y=0 Time=20
# i=00100100 s=101 y=1 Time=25
# i=00100100 s=110 y=0 Time=30
# i=00100100 s=111 y=0 Time=35
#  quit -f
# End time: 13:08:29 on Sep 01,2025, Elapsed time: 0:00:01
# Errors: 0, Warnings: 0
