Start time: 21:07:53 on Aug 30,2025
qverilog comp2bit.v 
-- Compiling module comp2bit
-- Compiling module comp2bit_tb

Top level modules:
	comp2bit_tb
# vsim -lib work work.comp2bit_tb -c -do "run -all; quit -f" -appendlog -l qverilog.log -vopt 
# ** Note: (vsim-3813) Design is being optimized due to module recompilation...
# //  Questa Sim-64
# //  Version 10.7c win64 Aug 18 2018
# //
# //  Copyright 1991-2018 Mentor Graphics Corporation
# //  All Rights Reserved.
# //
# //  QuestaSim and its associated documentation contain trade
# //  secrets and commercial or financial information that are the property of
# //  Mentor Graphics Corporation and are privileged, confidential,
# //  and exempt from disclosure under the Freedom of Information Act,
# //  5 U.S.C. Section 552. Furthermore, this information
# //  is prohibited from disclosure under the Trade Secrets Act,
# //  18 U.S.C. Section 1905.
# //
# Loading work.comp2bit_tb(fast)
# run -all
# a=00 b=01 G=0 E=0 L=1 Time=0
# a=01 b=11 G=0 E=0 L=1 Time=5
# a=01 b=01 G=0 E=1 L=0 Time=10
# a=01 b=10 G=0 E=0 L=1 Time=15
# a=01 b=01 G=0 E=1 L=0 Time=20
# a=10 b=01 G=1 E=0 L=0 Time=25
# a=01 b=00 G=1 E=0 L=0 Time=30
# a=01 b=10 G=0 E=0 L=1 Time=35
#  quit -f
# End time: 21:07:57 on Aug 30,2025, Elapsed time: 0:00:04
# Errors: 0, Warnings: 0
