Start time: 13:08:31 on Aug 30,2025
qverilog half_sub.v 
-- Compiling module half_sub
-- Compiling module half_sub_tb

Top level modules:
	half_sub_tb
# vsim -lib work work.half_sub_tb -c -do "run -all; quit -f" -appendlog -l qverilog.log -vopt 
# ** Note: (vsim-3812) Design is being optimized...
# //  Questa Sim-64
# //  Version 10.7c win64 Aug 18 2018
# //
# //  Copyright 1991-2018 Mentor Graphics Corporation
# //  All Rights Reserved.
# //
# //  QuestaSim and its associated documentation contain trade
# //  secrets and commercial or financial information that are the property of
# //  Mentor Graphics Corporation and are privileged, confidential,
# //  and exempt from disclosure under the Freedom of Information Act,
# //  5 U.S.C. Section 552. Furthermore, this information
# //  is prohibited from disclosure under the Trade Secrets Act,
# //  18 U.S.C. Section 1905.
# //
# Loading work.half_sub_tb(fast)
# run -all
# a=0 b=0 diff=0 bout=0 Time=0
# a=0 b=1 diff=1 bout=1 Time=5
# a=1 b=0 diff=1 bout=0 Time=10
# a=1 b=1 diff=0 bout=0 Time=15
#  quit -f
# End time: 13:08:35 on Aug 30,2025, Elapsed time: 0:00:04
# Errors: 0, Warnings: 0
