Start time: 12:03:26 on Sep 04,2025
qverilog data_types.v 
-- Compiling module data_types

Top level modules:
	data_types
# vsim -lib work work.data_types -c -do "run -all; quit -f" -appendlog -l qverilog.log -vopt 
# ** Note: (vsim-3812) Design is being optimized...
# //  Questa Sim-64
# //  Version 10.7c win64 Aug 18 2018
# //
# //  Copyright 1991-2018 Mentor Graphics Corporation
# //  All Rights Reserved.
# //
# //  QuestaSim and its associated documentation contain trade
# //  secrets and commercial or financial information that are the property of
# //  Mentor Graphics Corporation and are privileged, confidential,
# //  and exempt from disclosure under the Freedom of Information Act,
# //  5 U.S.C. Section 552. Furthermore, this information
# //  is prohibited from disclosure under the Trade Secrets Act,
# //  18 U.S.C. Section 1905.
# //
# Loading work.data_types(fast)
# run -all
# a=x b=xxxxxxxxxxxxxxxxxxxxxxxxxxxxxxxx c=00000000000000000000000000000000 d=xxxxxxxxxxxxxxxxxxxxxxxxxxxxxxxxxxxxxxxxxxxxxxxxxxxxxxxxxxxxxxxx e=z f=z g=z h=1 i=0 j=z k=0 l=1 Time=                   0
#  quit -f
# End time: 12:03:28 on Sep 04,2025, Elapsed time: 0:00:02
# Errors: 0, Warnings: 0
