Start time: 15:21:52 on Sep 02,2025
qverilog aluopcode_top.v 
-- Compiling module aluopcode
-- Compiling module aluopcode_tb
-- Compiling module aluopcode_top

Top level modules:
	aluopcode_top
# vsim -lib work work.aluopcode_top -c -do "run -all; quit -f" -appendlog -l qverilog.log -vopt 
# ** Note: (vsim-8009) Loading existing optimized design _opt
# //  Questa Sim-64
# //  Version 10.7c win64 Aug 18 2018
# //
# //  Copyright 1991-2018 Mentor Graphics Corporation
# //  All Rights Reserved.
# //
# //  QuestaSim and its associated documentation contain trade
# //  secrets and commercial or financial information that are the property of
# //  Mentor Graphics Corporation and are privileged, confidential,
# //  and exempt from disclosure under the Freedom of Information Act,
# //  5 U.S.C. Section 552. Furthermore, this information
# //  is prohibited from disclosure under the Trade Secrets Act,
# //  18 U.S.C. Section 1905.
# //
# Loading work.aluopcode_top(fast)
# ** Warning: (vsim-PLI-3691) Expected a system task, not a system function '$value$plusargs'.
#    Time: 0 ns  Iteration: 0  Instance: /aluopcode_top/A2 File: aluopcode.v Line: 19
# run -all
# a=xxxx b=xxxx op=xxxxxxxx y=xxxxxxxx Time=0
#  quit -f
# End time: 15:21:53 on Sep 02,2025, Elapsed time: 0:00:01
# Errors: 0, Warnings: 1
