Start time: 19:46:50 on Aug 28,2025
qverilog rcs.v 
-- Compiling module full_adder
-- Compiling module full_adder_tb
-- Compiling module rcs
-- Compiling module rcs_tb

Top level modules:
	full_adder_tb
	rcs_tb
# vsim -lib work work.full_adder_tb work.rcs_tb -c -do "run -all; quit -f" -appendlog -l qverilog.log -vopt 
# ** Note: (vsim-8009) Loading existing optimized design _opt1
# //  Questa Sim-64
# //  Version 10.7c win64 Aug 18 2018
# //
# //  Copyright 1991-2018 Mentor Graphics Corporation
# //  All Rights Reserved.
# //
# //  QuestaSim and its associated documentation contain trade
# //  secrets and commercial or financial information that are the property of
# //  Mentor Graphics Corporation and are privileged, confidential,
# //  and exempt from disclosure under the Freedom of Information Act,
# //  5 U.S.C. Section 552. Furthermore, this information
# //  is prohibited from disclosure under the Trade Secrets Act,
# //  18 U.S.C. Section 1905.
# //
# Loading work.full_adder_tb(fast)
# Loading work.rcs_tb(fast)
# run -all
# a=1001  b=0011   bin=1  diff=0110  bout=1  Time=0
# a=0101  b=0010   bin=1  diff=0011  bout=1  Time=10
# a=0110  b=1101   bin=1  diff=1001  bout=0  Time=20
# a=1001  b=0110   bin=1  diff=0011  bout=1  Time=30
# a=0101  b=0111   bin=1  diff=1110  bout=0  Time=40
# a=0010  b=1111   bin=1  diff=0011  bout=0  Time=50
# a=0010  b=1110   bin=1  diff=0100  bout=0  Time=60
#  quit -f
# End time: 19:46:52 on Aug 28,2025, Elapsed time: 0:00:02
# Errors: 0, Warnings: 0
