Start time: 15:55:29 on Aug 30,2025
qverilog mux8to1.v 
-- Compiling module mux8to1
-- Compiling module mux8to1_tb

Top level modules:
	mux8to1_tb
# vsim -lib work work.mux8to1_tb -c -do "run -all; quit -f" -appendlog -l qverilog.log -vopt 
# ** Note: (vsim-3812) Design is being optimized...
# //  Questa Sim-64
# //  Version 10.7c win64 Aug 18 2018
# //
# //  Copyright 1991-2018 Mentor Graphics Corporation
# //  All Rights Reserved.
# //
# //  QuestaSim and its associated documentation contain trade
# //  secrets and commercial or financial information that are the property of
# //  Mentor Graphics Corporation and are privileged, confidential,
# //  and exempt from disclosure under the Freedom of Information Act,
# //  5 U.S.C. Section 552. Furthermore, this information
# //  is prohibited from disclosure under the Trade Secrets Act,
# //  18 U.S.C. Section 1905.
# //
# Loading work.mux8to1_tb(fast)
# run -all
# i=00100100 s=001 y=0 Time=0
# i=00001001 s=011 y=1 Time=5
# i=00001101 s=101 y=0 Time=10
# i=01100101 s=010 y=1 Time=15
# i=00000001 s=101 y=0 Time=20
#  quit -f
# End time: 15:55:30 on Aug 30,2025, Elapsed time: 0:00:01
# Errors: 0, Warnings: 0
