Start time: 16:18:22 on Aug 30,2025
qverilog dmux1to2.v 
-- Compiling module dmux1to2
-- Compiling module dmux1to2_tb

Top level modules:
	dmux1to2_tb
# vsim -lib work work.dmux1to2_tb -c -do "run -all; quit -f" -appendlog -l qverilog.log -vopt 
# ** Note: (vsim-3813) Design is being optimized due to module recompilation...
# //  Questa Sim-64
# //  Version 10.7c win64 Aug 18 2018
# //
# //  Copyright 1991-2018 Mentor Graphics Corporation
# //  All Rights Reserved.
# //
# //  QuestaSim and its associated documentation contain trade
# //  secrets and commercial or financial information that are the property of
# //  Mentor Graphics Corporation and are privileged, confidential,
# //  and exempt from disclosure under the Freedom of Information Act,
# //  5 U.S.C. Section 552. Furthermore, this information
# //  is prohibited from disclosure under the Trade Secrets Act,
# //  18 U.S.C. Section 1905.
# //
# Loading work.dmux1to2_tb(fast)
# run -all
# y=0 s=1 i0=0 i1=0 Time=0
# y=1 s=1 i0=0 i1=1 Time=5
# y=1 s=0 i0=1 i1=0 Time=15
#  quit -f
# End time: 16:18:23 on Aug 30,2025, Elapsed time: 0:00:01
# Errors: 0, Warnings: 0
