Start time: 12:29:08 on Aug 30,2025
qverilog half_adder.v 
-- Compiling module half_adder
-- Compiling module half_adder_tb

Top level modules:
	half_adder_tb
# vsim -lib work work.half_adder_tb -c -do "run -all; quit -f" -appendlog -l qverilog.log -vopt 
# ** Note: (vsim-3812) Design is being optimized...
# //  Questa Sim-64
# //  Version 10.7c win64 Aug 18 2018
# //
# //  Copyright 1991-2018 Mentor Graphics Corporation
# //  All Rights Reserved.
# //
# //  QuestaSim and its associated documentation contain trade
# //  secrets and commercial or financial information that are the property of
# //  Mentor Graphics Corporation and are privileged, confidential,
# //  and exempt from disclosure under the Freedom of Information Act,
# //  5 U.S.C. Section 552. Furthermore, this information
# //  is prohibited from disclosure under the Trade Secrets Act,
# //  18 U.S.C. Section 1905.
# //
# Loading work.half_adder_tb(fast)
# run -all
# a=0 b=0 s=0 cout=0 Time=0
# a=0 b=1 s=1 cout=0 Time=10
# a=1 b=0 s=1 cout=0 Time=20
# a=1 b=1 s=0 cout=1 Time=30
# a=0 b=0 s=0 cout=0 Time=40
# a=0 b=1 s=1 cout=0 Time=50
# a=1 b=0 s=1 cout=0 Time=60
# a=1 b=1 s=0 cout=1 Time=70
# a=0 b=0 s=0 cout=0 Time=80
# a=0 b=1 s=1 cout=0 Time=90
# a=1 b=0 s=1 cout=0 Time=100
# a=1 b=1 s=0 cout=1 Time=110
# a=0 b=0 s=0 cout=0 Time=120
# a=0 b=1 s=1 cout=0 Time=130
# a=1 b=0 s=1 cout=0 Time=140
# a=1 b=1 s=0 cout=1 Time=150
# a=0 b=0 s=0 cout=0 Time=160
# a=0 b=1 s=1 cout=0 Time=170
# a=1 b=0 s=1 cout=0 Time=180
# a=1 b=1 s=0 cout=1 Time=190
#  quit -f
# End time: 12:29:09 on Aug 30,2025, Elapsed time: 0:00:01
# Errors: 0, Warnings: 0
