Start time: 20:06:09 on Aug 30,2025
qverilog dmux1to4.v 
-- Compiling module dmux1to4
-- Compiling module dmux1to4_tb

Top level modules:
	dmux1to4_tb
# vsim -lib work work.dmux1to4_tb -c -do "run -all; quit -f" -appendlog -l qverilog.log -vopt 
# ** Note: (vsim-3812) Design is being optimized...
# //  Questa Sim-64
# //  Version 10.7c win64 Aug 18 2018
# //
# //  Copyright 1991-2018 Mentor Graphics Corporation
# //  All Rights Reserved.
# //
# //  QuestaSim and its associated documentation contain trade
# //  secrets and commercial or financial information that are the property of
# //  Mentor Graphics Corporation and are privileged, confidential,
# //  and exempt from disclosure under the Freedom of Information Act,
# //  5 U.S.C. Section 552. Furthermore, this information
# //  is prohibited from disclosure under the Trade Secrets Act,
# //  18 U.S.C. Section 1905.
# //
# Loading work.dmux1to4_tb(fast)
# run -all
# y=0  s=00  i=0000  Time=                   0
# y=0  s=01  i=0000  Time=                   5
# y=0  s=10  i=0000  Time=                  10
# y=0  s=11  i=0000  Time=                  15
# y=1  s=00  i=0001  Time=                  20
# y=1  s=01  i=0010  Time=                  25
# y=1  s=10  i=0100  Time=                  30
# y=1  s=11  i=1000  Time=                  35
# y=1  s=00  i=0001  Time=                  40
# y=1  s=01  i=0010  Time=                  45
# y=1  s=10  i=0100  Time=                  50
# y=1  s=11  i=1000  Time=                  55
# y=1  s=00  i=0001  Time=                  60
# y=1  s=01  i=0010  Time=                  65
# y=1  s=10  i=0100  Time=                  70
# y=1  s=11  i=1000  Time=                  75
# y=1  s=00  i=0001  Time=                  80
# y=1  s=01  i=0010  Time=                  85
# y=1  s=10  i=0100  Time=                  90
# y=1  s=11  i=1000  Time=                  95
# y=1  s=00  i=0001  Time=                 100
# y=1  s=01  i=0010  Time=                 105
# y=1  s=10  i=0100  Time=                 110
# y=1  s=11  i=1000  Time=                 115
# y=1  s=00  i=0001  Time=                 120
# y=1  s=01  i=0010  Time=                 125
# y=1  s=10  i=0100  Time=                 130
# y=1  s=11  i=1000  Time=                 135
#  quit -f
# End time: 20:06:14 on Aug 30,2025, Elapsed time: 0:00:05
# Errors: 0, Warnings: 0
