Start time: 11:04:09 on Sep 03,2025
qverilog my_name.v 
-- Compiling module my_name
-- Compiling module my_name_tb

Top level modules:
	my_name_tb
# vsim -lib work work.my_name_tb -c -do "run -all; quit -f" -appendlog -l qverilog.log -vopt 
# ** Note: (vsim-3813) Design is being optimized due to module recompilation...
# //  Questa Sim-64
# //  Version 10.7c win64 Aug 18 2018
# //
# //  Copyright 1991-2018 Mentor Graphics Corporation
# //  All Rights Reserved.
# //
# //  QuestaSim and its associated documentation contain trade
# //  secrets and commercial or financial information that are the property of
# //  Mentor Graphics Corporation and are privileged, confidential,
# //  and exempt from disclosure under the Freedom of Information Act,
# //  5 U.S.C. Section 552. Furthermore, this information
# //  is prohibited from disclosure under the Trade Secrets Act,
# //  18 U.S.C. Section 1905.
# //
# Loading work.my_name_tb(fast)
# run -all
# m=BASAVARAJA P M y=BASAVARAJA P M Time=0
#  quit -f
# End time: 11:04:11 on Sep 03,2025, Elapsed time: 0:00:02
# Errors: 0, Warnings: 0
