Start time: 20:29:20 on Aug 30,2025
qverilog dmux1to8.v 
-- Compiling module dmux1to8
-- Compiling module dmux1to8_tb

Top level modules:
	dmux1to8_tb
# vsim -lib work work.dmux1to8_tb -c -do "run -all; quit -f" -appendlog -l qverilog.log -vopt 
# ** Note: (vsim-3812) Design is being optimized...
# //  Questa Sim-64
# //  Version 10.7c win64 Aug 18 2018
# //
# //  Copyright 1991-2018 Mentor Graphics Corporation
# //  All Rights Reserved.
# //
# //  QuestaSim and its associated documentation contain trade
# //  secrets and commercial or financial information that are the property of
# //  Mentor Graphics Corporation and are privileged, confidential,
# //  and exempt from disclosure under the Freedom of Information Act,
# //  5 U.S.C. Section 552. Furthermore, this information
# //  is prohibited from disclosure under the Trade Secrets Act,
# //  18 U.S.C. Section 1905.
# //
# Loading work.dmux1to8_tb(fast)
# run -all
# y=0  s=000  i=00000000  Time=                   0
# y=0  s=001  i=00000000  Time=                   5
# y=0  s=010  i=00000000  Time=                  10
# y=0  s=011  i=00000000  Time=                  15
# y=0  s=100  i=00000000  Time=                  20
# y=0  s=101  i=00000000  Time=                  25
# y=0  s=110  i=00000000  Time=                  30
# y=0  s=111  i=00000000  Time=                  35
# y=1  s=000  i=00000001  Time=                  40
# y=1  s=001  i=00000010  Time=                  45
# y=1  s=010  i=00000100  Time=                  50
# y=1  s=011  i=00001000  Time=                  55
# y=1  s=100  i=00010000  Time=                  60
# y=1  s=101  i=00100000  Time=                  65
# y=1  s=110  i=01000000  Time=                  70
# y=1  s=111  i=10000000  Time=                  75
# y=1  s=000  i=00000001  Time=                  80
# y=1  s=001  i=00000010  Time=                  85
# y=1  s=010  i=00000100  Time=                  90
# y=1  s=011  i=00001000  Time=                  95
# y=1  s=100  i=00010000  Time=                 100
# y=1  s=101  i=00100000  Time=                 105
# y=1  s=110  i=01000000  Time=                 110
# y=1  s=111  i=10000000  Time=                 115
# y=1  s=000  i=00000001  Time=                 120
# y=1  s=001  i=00000010  Time=                 125
# y=1  s=010  i=00000100  Time=                 130
# y=1  s=011  i=00001000  Time=                 135
# y=1  s=100  i=00010000  Time=                 140
# y=1  s=101  i=00100000  Time=                 145
# y=1  s=110  i=01000000  Time=                 150
# y=1  s=111  i=10000000  Time=                 155
# y=1  s=000  i=00000001  Time=                 160
# y=1  s=001  i=00000010  Time=                 165
# y=1  s=010  i=00000100  Time=                 170
# y=1  s=011  i=00001000  Time=                 175
# y=1  s=100  i=00010000  Time=                 180
# y=1  s=101  i=00100000  Time=                 185
# y=1  s=110  i=01000000  Time=                 190
# y=1  s=111  i=10000000  Time=                 195
# y=1  s=000  i=00000001  Time=                 200
# y=1  s=001  i=00000010  Time=                 205
# y=1  s=010  i=00000100  Time=                 210
# y=1  s=011  i=00001000  Time=                 215
# y=1  s=100  i=00010000  Time=                 220
# y=1  s=101  i=00100000  Time=                 225
# y=1  s=110  i=01000000  Time=                 230
# y=1  s=111  i=10000000  Time=                 235
# y=1  s=000  i=00000001  Time=                 240
# y=1  s=001  i=00000010  Time=                 245
# y=1  s=010  i=00000100  Time=                 250
# y=1  s=011  i=00001000  Time=                 255
# y=1  s=100  i=00010000  Time=                 260
# y=1  s=101  i=00100000  Time=                 265
# y=1  s=110  i=01000000  Time=                 270
# y=1  s=111  i=10000000  Time=                 275
#  quit -f
# End time: 20:29:22 on Aug 30,2025, Elapsed time: 0:00:02
# Errors: 0, Warnings: 0
